nohup: 入力を無視します
Update available 0.23.8 → 0.23.15
Run uv add --upgrade marimo or python -m pip install --upgrade marimo to upgrade.


        Edit fuzzy_pca_dim_reduction_analysis.py in your browser 📝

        ➜  URL: http://0.0.0.0:2718?access_token=Qr0IVvekVTExqVgOtNjc7A
        ➜  Network: http://10.186.103.247:2718?access_token=Qr0IVvekVTExqVgOtNjc7A

ERROR:    keepalive ping failed
Traceback (most recent call last):
  File "/home/cbi/olivier.amacker/bachelor-thesis/bachelor-thesis-project/.venv/lib/python3.14/site-packages/websockets/legacy/protocol.py", line 1233, in keepalive_ping
    pong_waiter = await self.ping()
                  ^^^^^^^^^^^^^^^^^
  File "/home/cbi/olivier.amacker/bachelor-thesis/bachelor-thesis-project/.venv/lib/python3.14/site-packages/websockets/legacy/protocol.py", line 843, in ping
    await self.write_frame(True, OP_PING, data)
  File "/home/cbi/olivier.amacker/bachelor-thesis/bachelor-thesis-project/.venv/lib/python3.14/site-packages/websockets/legacy/protocol.py", line 1184, in write_frame
    await self.drain()
  File "/home/cbi/olivier.amacker/bachelor-thesis/bachelor-thesis-project/.venv/lib/python3.14/site-packages/websockets/legacy/protocol.py", line 1167, in drain
    await self._drain()
  File "/home/cbi/olivier.amacker/bachelor-thesis/bachelor-thesis-project/.venv/lib/python3.14/site-packages/websockets/legacy/protocol.py", line 328, in _drain
    await self._drain_helper()
  File "/home/cbi/olivier.amacker/bachelor-thesis/bachelor-thesis-project/.venv/lib/python3.14/site-packages/websockets/legacy/protocol.py", line 308, in _drain_helper
    assert waiter is None or waiter.cancelled()
           ^^^^^^^^^^^^^^^^^^^^^^^^^^^^^^^^^^^^
AssertionError
ERROR:    keepalive ping failed
Traceback (most recent call last):
  File "/home/cbi/olivier.amacker/bachelor-thesis/bachelor-thesis-project/.venv/lib/python3.14/site-packages/websockets/legacy/protocol.py", line 1233, in keepalive_ping
    pong_waiter = await self.ping()
                  ^^^^^^^^^^^^^^^^^
  File "/home/cbi/olivier.amacker/bachelor-thesis/bachelor-thesis-project/.venv/lib/python3.14/site-packages/websockets/legacy/protocol.py", line 843, in ping
    await self.write_frame(True, OP_PING, data)
  File "/home/cbi/olivier.amacker/bachelor-thesis/bachelor-thesis-project/.venv/lib/python3.14/site-packages/websockets/legacy/protocol.py", line 1184, in write_frame
    await self.drain()
  File "/home/cbi/olivier.amacker/bachelor-thesis/bachelor-thesis-project/.venv/lib/python3.14/site-packages/websockets/legacy/protocol.py", line 1167, in drain
    await self._drain()
  File "/home/cbi/olivier.amacker/bachelor-thesis/bachelor-thesis-project/.venv/lib/python3.14/site-packages/websockets/legacy/protocol.py", line 328, in _drain
    await self._drain_helper()
  File "/home/cbi/olivier.amacker/bachelor-thesis/bachelor-thesis-project/.venv/lib/python3.14/site-packages/websockets/legacy/protocol.py", line 308, in _drain_helper
    assert waiter is None or waiter.cancelled()
           ^^^^^^^^^^^^^^^^^^^^^^^^^^^^^^^^^^^^
AssertionError
ERROR:    keepalive ping failed
Traceback (most recent call last):
  File "/home/cbi/olivier.amacker/bachelor-thesis/bachelor-thesis-project/.venv/lib/python3.14/site-packages/websockets/legacy/protocol.py", line 1233, in keepalive_ping
    pong_waiter = await self.ping()
                  ^^^^^^^^^^^^^^^^^
  File "/home/cbi/olivier.amacker/bachelor-thesis/bachelor-thesis-project/.venv/lib/python3.14/site-packages/websockets/legacy/protocol.py", line 843, in ping
    await self.write_frame(True, OP_PING, data)
  File "/home/cbi/olivier.amacker/bachelor-thesis/bachelor-thesis-project/.venv/lib/python3.14/site-packages/websockets/legacy/protocol.py", line 1184, in write_frame
    await self.drain()
  File "/home/cbi/olivier.amacker/bachelor-thesis/bachelor-thesis-project/.venv/lib/python3.14/site-packages/websockets/legacy/protocol.py", line 1167, in drain
    await self._drain()
  File "/home/cbi/olivier.amacker/bachelor-thesis/bachelor-thesis-project/.venv/lib/python3.14/site-packages/websockets/legacy/protocol.py", line 328, in _drain
    await self._drain_helper()
  File "/home/cbi/olivier.amacker/bachelor-thesis/bachelor-thesis-project/.venv/lib/python3.14/site-packages/websockets/legacy/protocol.py", line 308, in _drain_helper
    assert waiter is None or waiter.cancelled()
           ^^^^^^^^^^^^^^^^^^^^^^^^^^^^^^^^^^^^
AssertionError
